[11:09:50] [main/INFO]: [STDOUT]: net.minecraft.world.entity.Display
[11:09:50] [main/INFO]: [STDOUT]:   DATA_TRANSFORMATION_INTERPOLATION_START_DELTA_TICKS_ID = 8
[11:09:50] [main/INFO]: [STDOUT]:   DATA_TRANSFORMATION_INTERPOLATION_DURATION_ID = 9
[11:09:50] [main/INFO]: [STDOUT]:   DATA_POS_ROT_INTERPOLATION_DURATION_ID = 10
[11:09:50] [main/INFO]: [STDOUT]:   DATA_TRANSLATION_ID = 11
[11:09:50] [main/INFO]: [STDOUT]:   DATA_SCALE_ID = 12
[11:09:50] [main/INFO]: [STDOUT]:   DATA_LEFT_ROTATION_ID = 13
[11:09:51] [main/INFO]: [STDOUT]:   DATA_RIGHT_ROTATION_ID = 14
[11:09:51] [main/INFO]: [STDOUT]:   DATA_BILLBOARD_RENDER_CONSTRAINTS_ID = 15
[11:09:51] [main/INFO]: [STDOUT]:   DATA_BRIGHTNESS_OVERRIDE_ID = 16
[11:09:51] [main/INFO]: [STDOUT]:   DATA_VIEW_RANGE_ID = 17
[11:09:51] [main/INFO]: [STDOUT]:   DATA_SHADOW_RADIUS_ID = 18
[11:09:51] [main/INFO]: [STDOUT]:   DATA_SHADOW_STRENGTH_ID = 19
[11:09:51] [main/INFO]: [STDOUT]:   DATA_WIDTH_ID = 20
[11:09:51] [main/INFO]: [STDOUT]:   DATA_HEIGHT_ID = 21
[11:09:51] [main/INFO]: [STDOUT]:   DATA_GLOW_COLOR_OVERRIDE_ID = 22
[11:09:51] [main/INFO]: [STDOUT]: net.minecraft.world.entity.Display$ItemDisplay
[11:09:51] [main/INFO]: [STDOUT]:   DATA_ITEM_STACK_ID = 23
[11:09:51] [main/INFO]: [STDOUT]:   DATA_ITEM_DISPLAY_ID = 24
[11:09:51] [main/INFO]: [STDOUT]: net.minecraft.world.item.ItemDisplayContext
[11:09:51] [main/INFO]: [STDOUT]:   NONE = 0
[11:09:51] [main/INFO]: [STDOUT]:   THIRD_PERSON_LEFT_HAND = 1
[11:09:51] [main/INFO]: [STDOUT]:   THIRD_PERSON_RIGHT_HAND = 2
[11:09:51] [main/INFO]: [STDOUT]:   FIRST_PERSON_LEFT_HAND = 3
[11:09:51] [main/INFO]: [STDOUT]:   FIRST_PERSON_RIGHT_HAND = 4
[11:09:51] [main/INFO]: [STDOUT]:   HEAD = 5
[11:09:51] [main/INFO]: [STDOUT]:   GUI = 6
[11:09:51] [main/INFO]: [STDOUT]:   GROUND = 7
[11:09:51] [main/INFO]: [STDOUT]:   FIXED = 8
